true

graugh



false || true

yes == "graugh"

none!

yes!
