true

True

graugh



False || True

yes == "graugh"
