2 == 2

6 /= 7

2 > 1

11 >= 10
10 >= 10

3 < 5

1 <= 10
10 <= 10
