global: some_thing!
binding: 123!

     include:  some_thing variable :: !Int  

