esarhP-muspi meroL
["e","d","c","b","a"]
[5,4,3,2,1]
