  1
  2
  3

  foo
  bar

  1:false
  2:true
  3:false
  4:false

  a:1.0
  b:2.0
  c:3.0

  empty
