  1
  2
  3

  foo
  bar

  1:False
  2:True
  3:False
  4:False

  a:1.0
  b:2.0
  c:3.0
