"Lorem ipsum-Phrase"
"  A Word  "
true
1.0
["a","b","c","d","e"]
[1,2,3,4,5]
{"foo":"x","bar":"y"}
