1

1 <= 10

8 <= 10

1 <= 2

1 /= 10

10 /= 1

10 > 1

10 >= 10

1 <= 1

10 == 10
