this is a piece of text on a single line

     this is a piece of text on a single line     

  1,2,3,4,5

