lorem ipsum-Phrase
Lorem ipsum-Phrase
lorem ipsum-phrase
LOREM IPSUM-PHRASE
Lorem Ipsum Phrase
loremIpsumPhrase
LoremIpsumPhrase
lorem_ipsum_phrase
lorem-ipsum-phrase
Lorem-Ipsum-Phrase
1st
Lorem ipsum-phrase
single | lower == "lorem ipsum"
