short...
sh0xb
A slightly longer pi...
A slightly longer pi -
A slightly longer piece of text that would like to be truncated.
