lorem                    
          lorem
  lorem  

    Navzdory všeobecnému
    přesvědčení
    Lorem Ipsum není
    náhodný text.

...Navzdory všeobecnému
...přesvědčení
...Lorem Ipsum není
...náhodný text.
