Lorem
ipsum-Phrase
orem ipsum-Phrase
IpsumPhrase
ipsum-Phrase
Lorem ipsum-
Hi! 
LoremPhrase
Lorm ipsum-Phras
