Hello, World!

1 + 3.25 > 5 is False

value1
value2
