Hello, World!

1 + 3.25000 > 5 is false

value1
value2
